plus("+") real("1") times("*") minus("-") real("1") 
