print("print") lparen("(") real("1") rparen(")") term(";") 
