lparen("(") lparen("(") lparen("(") real("5") rparen(")") rparen(")") rparen(")") 
