define("var") variable("a") assign("=") real("1") term(";") print("print") lparen("(") variable("a") rparen(")") term(";") 
