define("var") variable("counter") assign("=") real("0") term(";") for("for") lparen("(") define("var") variable("i") assign("=") real("1") to(",") real("5") rparen(")") begin("{") variable("counter") assign("=") variable("counter") plus("+") real("1") term(";") end("}") for("for") lparen("(") define("var") variable("i") assign("=") real("1") to(",") real("3") rparen(")") begin("{") variable("counter") assign("=") variable("counter") minus("-") real("1") term(";") end("}") for("for") lparen("(") define("var") variable("i") assign("=") real("1") to(",") real("2") rparen(")") begin("{") variable("counter") assign("=") variable("counter") plus("+") real("1") term(";") end("}") for("for") lparen("(") define("var") variable("i") assign("=") real("1") to(",") real("4") rparen(")") begin("{") variable("counter") assign("=") variable("counter") minus("-") real("1") term(";") end("}") print("print") lparen("(") variable("counter") rparen(")") term(";") 
