define("var") variable("a") assign("=") real("1") term(";") 
