real("8") divides("/") real("2") divides("/") real("2") 
