real("1") plus("+") real("1") minus("-") real("1") 
