real("2") plus("+") real("2") divides("/") real("2") 
