real("8") integer-divides("//") real("2") integer-divides("//") real("2") integer-divides("//") real("2") 
