lparen("(") lparen("(") variable("x") pow("^") real("2") plus("+") variable("y2") rparen(")") divides("/") lparen("(") variable("z") pow("^") lparen("(") real("1") divides("/") real("2") rparen(")") rparen(")") rparen(")") minus("-") lparen("(") real("3") times("*") variable("p") minus("-") real("4") times("*") variable("q") rparen(")") divides("/") lparen("(") real("2.7") pow("^") real("2") rparen(")") plus("+") real("5.2") times("*") variable("r") divides("/") variable("s") pow("^") real("3") 
