plus("+") lparen("(") real("1") plus("+") real("1") rparen(")") 
