lparen("(") real("2") plus("+") real("2") rparen(")") divides("/") real("2") 
