real("3") times("*") lparen("(") real("2") minus("-") real("1") rparen(")") 
