lparen("(") real("2") pow("^") real("3") rparen(")") pow("^") real("4") 
