real("2") minus("-") real("1") minus("-") real("1") 
