print("print") lparen("(") real("1") rparen(")") term(";") print("print") lparen("(") real("2") rparen(")") term(";") 
