real("3") times("*") real("2") minus("-") real("1") 
