define("var") variable("result") assign("=") real("0") term(";") for("for") lparen("(") define("var") variable("i") assign("=") real("1") to(",") real("5") rparen(")") begin("{") variable("result") assign("=") variable("result") plus("+") variable("i") term(";") end("}") for("for") lparen("(") define("var") variable("i") assign("=") real("1") to(",") real("3") rparen(")") begin("{") variable("result") assign("=") variable("result") times("*") variable("i") term(";") end("}") print("print") lparen("(") variable("result") rparen(")") term(";") 
