real("2") minus("-") real("1") times("*") real("1") 
